Archive member included to satisfy reference by file (symbol)

/home/vahid/ARM-Toolchain/gcc-arm-none-eabi-9-2019-q4-major/bin/../lib/gcc/arm-none-eabi/9.2.1/../../../../arm-none-eabi/lib/thumb/v7-m/nofp/libc_nano.a(lib_a-exit.o)
                              /home/vahid/ARM-Toolchain/gcc-arm-none-eabi-9-2019-q4-major/bin/../lib/gcc/arm-none-eabi/9.2.1/../../../../arm-none-eabi/lib/thumb/v7-m/nofp/crt0.o (exit)
/home/vahid/ARM-Toolchain/gcc-arm-none-eabi-9-2019-q4-major/bin/../lib/gcc/arm-none-eabi/9.2.1/../../../../arm-none-eabi/lib/thumb/v7-m/nofp/libc_nano.a(lib_a-impure.o)
                              /home/vahid/ARM-Toolchain/gcc-arm-none-eabi-9-2019-q4-major/bin/../lib/gcc/arm-none-eabi/9.2.1/../../../../arm-none-eabi/lib/thumb/v7-m/nofp/libc_nano.a(lib_a-exit.o) (_global_impure_ptr)
/home/vahid/ARM-Toolchain/gcc-arm-none-eabi-9-2019-q4-major/bin/../lib/gcc/arm-none-eabi/9.2.1/../../../../arm-none-eabi/lib/thumb/v7-m/nofp/libc_nano.a(lib_a-init.o)
                              /home/vahid/ARM-Toolchain/gcc-arm-none-eabi-9-2019-q4-major/bin/../lib/gcc/arm-none-eabi/9.2.1/../../../../arm-none-eabi/lib/thumb/v7-m/nofp/crt0.o (__libc_init_array)
/home/vahid/ARM-Toolchain/gcc-arm-none-eabi-9-2019-q4-major/bin/../lib/gcc/arm-none-eabi/9.2.1/../../../../arm-none-eabi/lib/thumb/v7-m/nofp/libc_nano.a(lib_a-memset.o)
                              /home/vahid/ARM-Toolchain/gcc-arm-none-eabi-9-2019-q4-major/bin/../lib/gcc/arm-none-eabi/9.2.1/../../../../arm-none-eabi/lib/thumb/v7-m/nofp/crt0.o (memset)
/home/vahid/ARM-Toolchain/gcc-arm-none-eabi-9-2019-q4-major/bin/../lib/gcc/arm-none-eabi/9.2.1/../../../../arm-none-eabi/lib/thumb/v7-m/nofp/libnosys.a(_exit.o)
                              /home/vahid/ARM-Toolchain/gcc-arm-none-eabi-9-2019-q4-major/bin/../lib/gcc/arm-none-eabi/9.2.1/../../../../arm-none-eabi/lib/thumb/v7-m/nofp/libc_nano.a(lib_a-exit.o) (_exit)

Allocating common symbols
Common symbol       size              file

uwTick              0x4               build/stm32f1xx_hal.o
pFlash              0x20              build/stm32f1xx_hal_flash.o
hrtc                0x14              build/main.o
hspi1               0x58              build/main.o

Discarded input sections

 .text          0x0000000000000000        0x0 /home/vahid/ARM-Toolchain/gcc-arm-none-eabi-9-2019-q4-major/bin/../lib/gcc/arm-none-eabi/9.2.1/thumb/v7-m/nofp/crti.o
 .data          0x0000000000000000        0x0 /home/vahid/ARM-Toolchain/gcc-arm-none-eabi-9-2019-q4-major/bin/../lib/gcc/arm-none-eabi/9.2.1/thumb/v7-m/nofp/crti.o
 .bss           0x0000000000000000        0x0 /home/vahid/ARM-Toolchain/gcc-arm-none-eabi-9-2019-q4-major/bin/../lib/gcc/arm-none-eabi/9.2.1/thumb/v7-m/nofp/crti.o
 .data          0x0000000000000000        0x4 /home/vahid/ARM-Toolchain/gcc-arm-none-eabi-9-2019-q4-major/bin/../lib/gcc/arm-none-eabi/9.2.1/thumb/v7-m/nofp/crtbegin.o
 .text          0x0000000000000000       0x74 /home/vahid/ARM-Toolchain/gcc-arm-none-eabi-9-2019-q4-major/bin/../lib/gcc/arm-none-eabi/9.2.1/../../../../arm-none-eabi/lib/thumb/v7-m/nofp/crt0.o
 .data          0x0000000000000000        0x0 /home/vahid/ARM-Toolchain/gcc-arm-none-eabi-9-2019-q4-major/bin/../lib/gcc/arm-none-eabi/9.2.1/../../../../arm-none-eabi/lib/thumb/v7-m/nofp/crt0.o
 .bss           0x0000000000000000        0x0 /home/vahid/ARM-Toolchain/gcc-arm-none-eabi-9-2019-q4-major/bin/../lib/gcc/arm-none-eabi/9.2.1/../../../../arm-none-eabi/lib/thumb/v7-m/nofp/crt0.o
 .ARM.extab     0x0000000000000000        0x0 /home/vahid/ARM-Toolchain/gcc-arm-none-eabi-9-2019-q4-major/bin/../lib/gcc/arm-none-eabi/9.2.1/../../../../arm-none-eabi/lib/thumb/v7-m/nofp/crt0.o
 .ARM.exidx     0x0000000000000000        0x8 /home/vahid/ARM-Toolchain/gcc-arm-none-eabi-9-2019-q4-major/bin/../lib/gcc/arm-none-eabi/9.2.1/../../../../arm-none-eabi/lib/thumb/v7-m/nofp/crt0.o
 .ARM.attributes
                0x0000000000000000       0x1b /home/vahid/ARM-Toolchain/gcc-arm-none-eabi-9-2019-q4-major/bin/../lib/gcc/arm-none-eabi/9.2.1/../../../../arm-none-eabi/lib/thumb/v7-m/nofp/crt0.o
 .text          0x0000000000000000        0x0 build/main.o
 .data          0x0000000000000000        0x0 build/main.o
 .bss           0x0000000000000000        0x0 build/main.o
 .text.Error_Handler
                0x0000000000000000        0x2 build/main.o
 .bss.temp      0x0000000000000000        0x1 build/main.o
 .text          0x0000000000000000        0x0 build/stm32f1xx_it.o
 .data          0x0000000000000000        0x0 build/stm32f1xx_it.o
 .bss           0x0000000000000000        0x0 build/stm32f1xx_it.o
 .text          0x0000000000000000        0x0 build/stm32f1xx_hal_msp.o
 .data          0x0000000000000000        0x0 build/stm32f1xx_hal_msp.o
 .bss           0x0000000000000000        0x0 build/stm32f1xx_hal_msp.o
 .text.HAL_RTC_MspDeInit
                0x0000000000000000       0x1c build/stm32f1xx_hal_msp.o
 .text.HAL_SPI_MspDeInit
                0x0000000000000000       0x2c build/stm32f1xx_hal_msp.o
[...]
Memory Configuration

Name             Origin             Length             Attributes
RAM              0x0000000020000000 0x0000000000005000 xrw
FLASH            0x0000000008000000 0x0000000000010000 xr
*default*        0x0000000000000000 0xffffffffffffffff

Linker script and memory map

LOAD /home/vahid/ARM-Toolchain/gcc-arm-none-eabi-9-2019-q4-major/bin/../lib/gcc/arm-none-eabi/9.2.1/thumb/v7-m/nofp/crti.o
LOAD /home/vahid/ARM-Toolchain/gcc-arm-none-eabi-9-2019-q4-major/bin/../lib/gcc/arm-none-eabi/9.2.1/thumb/v7-m/nofp/crtbegin.o
LOAD /home/vahid/ARM-Toolchain/gcc-arm-none-eabi-9-2019-q4-major/bin/../lib/gcc/arm-none-eabi/9.2.1/../../../../arm-none-eabi/lib/thumb/v7-m/nofp/crt0.o
LOAD build/main.o
LOAD build/stm32f1xx_it.o
LOAD build/stm32f1xx_hal_msp.o
LOAD build/nixie.o
LOAD build/stm32f1xx_hal_gpio_ex.o
LOAD build/stm32f1xx_hal_rtc.o
LOAD build/stm32f1xx_hal_rtc_ex.o
LOAD build/stm32f1xx_hal.o
LOAD build/stm32f1xx_hal_rcc.o
LOAD build/stm32f1xx_hal_rcc_ex.o
LOAD build/stm32f1xx_hal_gpio.o
LOAD build/stm32f1xx_hal_dma.o
LOAD build/stm32f1xx_hal_cortex.o
LOAD build/stm32f1xx_hal_pwr.o
LOAD build/stm32f1xx_hal_flash.o
LOAD build/stm32f1xx_hal_flash_ex.o
LOAD build/stm32f1xx_hal_exti.o
LOAD build/stm32f1xx_hal_spi.o
LOAD build/stm32f1xx_hal_tim.o
LOAD build/stm32f1xx_hal_tim_ex.o
LOAD build/system_stm32f1xx.o
LOAD build/startup_stm32f103xb.o
LOAD /home/vahid/ARM-Toolchain/gcc-arm-none-eabi-9-2019-q4-major/bin/../lib/gcc/arm-none-eabi/9.2.1/../../../../arm-none-eabi/lib/thumb/v7-m/nofp/libc_nano.a
LOAD /home/vahid/ARM-Toolchain/gcc-arm-none-eabi-9-2019-q4-major/bin/../lib/gcc/arm-none-eabi/9.2.1/../../../../arm-none-eabi/lib/thumb/v7-m/nofp/libm.a
LOAD /home/vahid/ARM-Toolchain/gcc-arm-none-eabi-9-2019-q4-major/bin/../lib/gcc/arm-none-eabi/9.2.1/../../../../arm-none-eabi/lib/thumb/v7-m/nofp/libnosys.a
START GROUP
LOAD /home/vahid/ARM-Toolchain/gcc-arm-none-eabi-9-2019-q4-major/bin/../lib/gcc/arm-none-eabi/9.2.1/thumb/v7-m/nofp/libgcc.a
LOAD /home/vahid/ARM-Toolchain/gcc-arm-none-eabi-9-2019-q4-major/bin/../lib/gcc/arm-none-eabi/9.2.1/../../../../arm-none-eabi/lib/thumb/v7-m/nofp/libc_nano.a
END GROUP
START GROUP
LOAD /home/vahid/ARM-Toolchain/gcc-arm-none-eabi-9-2019-q4-major/bin/../lib/gcc/arm-none-eabi/9.2.1/thumb/v7-m/nofp/libgcc.a
LOAD /home/vahid/ARM-Toolchain/gcc-arm-none-eabi-9-2019-q4-major/bin/../lib/gcc/arm-none-eabi/9.2.1/../../../../arm-none-eabi/lib/thumb/v7-m/nofp/libc_nano.a
END GROUP
LOAD /home/vahid/ARM-Toolchain/gcc-arm-none-eabi-9-2019-q4-major/bin/../lib/gcc/arm-none-eabi/9.2.1/thumb/v7-m/nofp/crtend.o
LOAD /home/vahid/ARM-Toolchain/gcc-arm-none-eabi-9-2019-q4-major/bin/../lib/gcc/arm-none-eabi/9.2.1/thumb/v7-m/nofp/crtn.o
                0x0000000020005000                _estack = 0x20005000
                0x0000000000000200                _Min_Heap_Size = 0x200
                0x0000000000000400                _Min_Stack_Size = 0x400

.isr_vector     0x0000000008000000      0x10c
                0x0000000008000000                . = ALIGN (0x4)
 *(.isr_vector)
 .isr_vector    0x0000000008000000      0x10c build/startup_stm32f103xb.o
                0x0000000008000000                g_pfnVectors
                0x000000000800010c                . = ALIGN (0x4)

.text           0x000000000800010c     0x291c
                0x000000000800010c                . = ALIGN (0x4)
 *(.text)
 .text          0x000000000800010c       0x40 /home/vahid/ARM-Toolchain/gcc-arm-none-eabi-9-2019-q4-major/bin/../lib/gcc/arm-none-eabi/9.2.1/thumb/v7-m/nofp/crtbegin.o
 *(.text*)
 .text.MX_GPIO_Init
                0x000000000800014c       0x8c build/main.o
 .text.MX_RTC_Init
                0x00000000080001d8       0x6c build/main.o
 .text.MX_SPI1_Init
                0x0000000008000244       0x3c build/main.o
 .text.SystemClock_Config
                0x0000000008000280       0x5c build/main.o
                0x0000000008000280                SystemClock_Config
 .text.main     0x00000000080002dc       0x1c build/main.o
                0x00000000080002dc                main
 .text.NMI_Handler
                0x00000000080002f8        0x2 build/stm32f1xx_it.o
                0x00000000080002f8                NMI_Handler
 .text.HardFault_Handler
                0x00000000080002fa        0x2 build/stm32f1xx_it.o
                0x00000000080002fa                HardFault_Handler
 .text.MemManage_Handler
                0x00000000080002fc        0x2 build/stm32f1xx_it.o
                0x00000000080002fc                MemManage_Handler
 .text.BusFault_Handler
                0x00000000080002fe        0x2 build/stm32f1xx_it.o
                0x00000000080002fe                BusFault_Handler
 .text.UsageFault_Handler
                0x0000000008000300        0x2 build/stm32f1xx_it.o
                0x0000000008000300                UsageFault_Handler
 .text.SVC_Handler
                0x0000000008000302        0x2 build/stm32f1xx_it.o
                0x0000000008000302                SVC_Handler
 .text.DebugMon_Handler
                0x0000000008000304        0x2 build/stm32f1xx_it.o
                0x0000000008000304                DebugMon_Handler
 .text.PendSV_Handler
                0x0000000008000306        0x2 build/stm32f1xx_it.o
                0x0000000008000306                PendSV_Handler
 .text.SysTick_Handler
                0x0000000008000308        0x8 build/stm32f1xx_it.o
                0x0000000008000308                SysTick_Handler
 .text.EXTI15_10_IRQHandler
                0x0000000008000310       0x14 build/stm32f1xx_it.o
                0x0000000008000310                EXTI15_10_IRQHandler
 .text.HAL_MspInit
                0x0000000008000324       0x44 build/stm32f1xx_hal_msp.o
                0x0000000008000324                HAL_MspInit
 .text.HAL_RTC_MspInit
                0x0000000008000368       0x40 build/stm32f1xx_hal_msp.o
                0x0000000008000368                HAL_RTC_MspInit
 .text.HAL_SPI_MspInit
                0x00000000080003a8       0x64 build/stm32f1xx_hal_msp.o
                0x00000000080003a8                HAL_SPI_MspInit
 .text.Nixie8   0x000000000800040c      0x2ac build/nixie.o
                0x000000000800040c                Nixie8
 .text.Nixie7   0x00000000080006b8      0x2cc build/nixie.o
                0x00000000080006b8                Nixie7
 .text.Nixie6   0x0000000008000984      0x2a8 build/nixie.o
                0x0000000008000984                Nixie6
 .text.Nixie5   0x0000000008000c2c      0x2b4 build/nixie.o
                0x0000000008000c2c                Nixie5
 .text.Nixie4   0x0000000008000ee0      0x2cc build/nixie.o
                0x0000000008000ee0                Nixie4
 .text.Nixie3   0x00000000080011ac      0x2a8 build/nixie.o
                0x00000000080011ac                Nixie3
 .text.Clear_Nixie_Buffer
                0x0000000008001454       0x18 build/nixie.o
                0x0000000008001454                Clear_Nixie_Buffer
 .text.Loop_All_Digits
                0x000000000800146c       0x7c build/nixie.o
                0x000000000800146c                Loop_All_Digits
 .text.Display_AlphaWorldlines
                0x00000000080014e8      0x10c build/nixie.o
                0x00000000080014e8                Display_AlphaWorldlines
 .text.RTC_ReadTimeCounter
                0x00000000080015f4       0x26 build/stm32f1xx_hal_rtc.o
 .text.RTC_ReadAlarmCounter
                0x000000000800161a        0xe build/stm32f1xx_hal_rtc.o
 .text.RTC_Bcd2ToByte
                0x0000000008001628       0x12 build/stm32f1xx_hal_rtc.o
 *fill*         0x000000000800163a        0x2 
 .text.RTC_WeekDayNum
                0x000000000800163c       0x9c build/stm32f1xx_hal_rtc.o
 .text.RTC_EnterInitMode
                0x00000000080016d8       0x30 build/stm32f1xx_hal_rtc.o
 .text.RTC_ExitInitMode
                0x0000000008001708       0x32 build/stm32f1xx_hal_rtc.o
 .text.RTC_WriteTimeCounter
                0x000000000800173a       0x2a build/stm32f1xx_hal_rtc.o
 .text.RTC_WriteAlarmCounter
                0x0000000008001764       0x2a build/stm32f1xx_hal_rtc.o
 .text.HAL_RTC_SetTime
                0x000000000800178e       0xc2 build/stm32f1xx_hal_rtc.o
                0x000000000800178e                HAL_RTC_SetTime
 .text.HAL_RTC_SetDate
                0x0000000008001850       0xd4 build/stm32f1xx_hal_rtc.o
                0x0000000008001850                HAL_RTC_SetDate
 .text.HAL_RTC_WaitForSynchro
                0x0000000008001924       0x38 build/stm32f1xx_hal_rtc.o
                0x0000000008001924                HAL_RTC_WaitForSynchro
 .text.HAL_RTC_Init
                0x000000000800195c       0xbc build/stm32f1xx_hal_rtc.o
                0x000000000800195c                HAL_RTC_Init
 .text.HAL_InitTick
                0x0000000008001a18       0x4c build/stm32f1xx_hal.o
                0x0000000008001a18                HAL_InitTick
 .text.HAL_Init
                0x0000000008001a64       0x24 build/stm32f1xx_hal.o
                0x0000000008001a64                HAL_Init
 .text.HAL_IncTick
                0x0000000008001a88       0x18 build/stm32f1xx_hal.o
                0x0000000008001a88                HAL_IncTick
 .text.HAL_GetTick
                0x0000000008001aa0        0xc build/stm32f1xx_hal.o
                0x0000000008001aa0                HAL_GetTick
 .text.HAL_Delay
                0x0000000008001aac       0x28 build/stm32f1xx_hal.o
                0x0000000008001aac                HAL_Delay
 .text.RCC_Delay
                0x0000000008001ad4       0x2c build/stm32f1xx_hal_rcc.o
 .text.HAL_RCC_OscConfig
                0x0000000008001b00      0x410 build/stm32f1xx_hal_rcc.o
                0x0000000008001b00                HAL_RCC_OscConfig
 .text.HAL_RCC_GetSysClockFreq
                0x0000000008001f10       0x6c build/stm32f1xx_hal_rcc.o
                0x0000000008001f10                HAL_RCC_GetSysClockFreq
 .text.HAL_RCC_ClockConfig
                0x0000000008001f7c      0x16c build/stm32f1xx_hal_rcc.o
                0x0000000008001f7c                HAL_RCC_ClockConfig
 .text.HAL_RCC_GetHCLKFreq
                0x00000000080020e8        0xc build/stm32f1xx_hal_rcc.o
                0x00000000080020e8                HAL_RCC_GetHCLKFreq
 .text.HAL_RCC_GetPCLK2Freq
                0x00000000080020f4       0x20 build/stm32f1xx_hal_rcc.o
                0x00000000080020f4                HAL_RCC_GetPCLK2Freq
 .text.HAL_RCCEx_PeriphCLKConfig
                0x0000000008002114      0x114 build/stm32f1xx_hal_rcc_ex.o
                0x0000000008002114                HAL_RCCEx_PeriphCLKConfig
 .text.HAL_RCCEx_GetPeriphCLKFreq
                0x0000000008002228       0xf4 build/stm32f1xx_hal_rcc_ex.o
                0x0000000008002228                HAL_RCCEx_GetPeriphCLKFreq
 .text.HAL_GPIO_Init
                0x000000000800231c      0x220 build/stm32f1xx_hal_gpio.o
                0x000000000800231c                HAL_GPIO_Init
 .text.HAL_GPIO_WritePin
                0x000000000800253c        0xc build/stm32f1xx_hal_gpio.o
                0x000000000800253c                HAL_GPIO_WritePin
 .text.HAL_GPIO_EXTI_Callback
                0x0000000008002548        0x2 build/stm32f1xx_hal_gpio.o
                0x0000000008002548                HAL_GPIO_EXTI_Callback
 *fill*         0x000000000800254a        0x2 
 .text.HAL_GPIO_EXTI_IRQHandler
                0x000000000800254c       0x1c build/stm32f1xx_hal_gpio.o
                0x000000000800254c                HAL_GPIO_EXTI_IRQHandler
 .text.HAL_NVIC_SetPriorityGrouping
                0x0000000008002568       0x24 build/stm32f1xx_hal_cortex.o
                0x0000000008002568                HAL_NVIC_SetPriorityGrouping
 .text.HAL_NVIC_SetPriority
                0x000000000800258c       0x68 build/stm32f1xx_hal_cortex.o
                0x000000000800258c                HAL_NVIC_SetPriority
 .text.HAL_NVIC_EnableIRQ
                0x00000000080025f4       0x1c build/stm32f1xx_hal_cortex.o
                0x00000000080025f4                HAL_NVIC_EnableIRQ
 .text.HAL_SYSTICK_Config
                0x0000000008002610       0x2c build/stm32f1xx_hal_cortex.o
                0x0000000008002610                HAL_SYSTICK_Config
 .text.HAL_PWR_EnableBkUpAccess
                0x000000000800263c        0xc build/stm32f1xx_hal_pwr.o
                0x000000000800263c                HAL_PWR_EnableBkUpAccess
 .text.SPI_WaitFlagStateUntilTimeout
                0x0000000008002648       0x94 build/stm32f1xx_hal_spi.o
 .text.SPI_EndRxTxTransaction
                0x00000000080026dc       0x24 build/stm32f1xx_hal_spi.o
 .text.HAL_SPI_Init
                0x0000000008002700       0x7c build/stm32f1xx_hal_spi.o
                0x0000000008002700                HAL_SPI_Init
 .text.HAL_SPI_Transmit
                0x000000000800277c      0x1a4 build/stm32f1xx_hal_spi.o
                0x000000000800277c                HAL_SPI_Transmit
 .text.SystemInit
                0x0000000008002920       0x4c build/system_stm32f1xx.o
                0x0000000008002920                SystemInit
 .text.Reset_Handler
                0x000000000800296c       0x48 build/startup_stm32f103xb.o
                0x000000000800296c                Reset_Handler
 .text.Default_Handler
                0x00000000080029b4        0x2 build/startup_stm32f103xb.o
                0x00000000080029b4                RTC_Alarm_IRQHandler
                0x00000000080029b4                EXTI2_IRQHandler
                0x00000000080029b4                TIM1_CC_IRQHandler
                0x00000000080029b4                PVD_IRQHandler
                0x00000000080029b4                EXTI3_IRQHandler
                0x00000000080029b4                EXTI0_IRQHandler
                0x00000000080029b4                I2C2_EV_IRQHandler
                0x00000000080029b4                ADC1_2_IRQHandler
                0x00000000080029b4                SPI1_IRQHandler
                0x00000000080029b4                TAMPER_IRQHandler
                0x00000000080029b4                DMA1_Channel4_IRQHandler
                0x00000000080029b4                USART3_IRQHandler
                0x00000000080029b4                RTC_IRQHandler
                0x00000000080029b4                DMA1_Channel7_IRQHandler
                0x00000000080029b4                CAN1_RX1_IRQHandler
                0x00000000080029b4                TIM4_IRQHandler
                0x00000000080029b4                I2C1_EV_IRQHandler
                0x00000000080029b4                DMA1_Channel6_IRQHandler
                0x00000000080029b4                TIM3_IRQHandler
                0x00000000080029b4                RCC_IRQHandler
                0x00000000080029b4                TIM1_TRG_COM_IRQHandler
                0x00000000080029b4                DMA1_Channel1_IRQHandler
                0x00000000080029b4                Default_Handler
                0x00000000080029b4                EXTI9_5_IRQHandler
                0x00000000080029b4                SPI2_IRQHandler
                0x00000000080029b4                DMA1_Channel5_IRQHandler
                0x00000000080029b4                EXTI4_IRQHandler
                0x00000000080029b4                USB_LP_CAN1_RX0_IRQHandler
                0x00000000080029b4                USB_HP_CAN1_TX_IRQHandler
                0x00000000080029b4                DMA1_Channel3_IRQHandler
                0x00000000080029b4                TIM1_UP_IRQHandler
                0x00000000080029b4                WWDG_IRQHandler
                0x00000000080029b4                TIM2_IRQHandler
                0x00000000080029b4                TIM1_BRK_IRQHandler
                0x00000000080029b4                EXTI1_IRQHandler
                0x00000000080029b4                USART2_IRQHandler
                0x00000000080029b4                I2C2_ER_IRQHandler
                0x00000000080029b4                DMA1_Channel2_IRQHandler
                0x00000000080029b4                CAN1_SCE_IRQHandler
                0x00000000080029b4                FLASH_IRQHandler
                0x00000000080029b4                USART1_IRQHandler
                0x00000000080029b4                I2C1_ER_IRQHandler
                0x00000000080029b4                USBWakeUp_IRQHandler
 *fill*         0x00000000080029b6        0x2 
 .text.__libc_init_array
                0x00000000080029b8       0x48 /home/vahid/ARM-Toolchain/gcc-arm-none-eabi-9-2019-q4-major/bin/../lib/gcc/arm-none-eabi/9.2.1/../../../../arm-none-eabi/lib/thumb/v7-m/nofp/libc_nano.a(lib_a-init.o)
                0x00000000080029b8                __libc_init_array
 .text.memset   0x0000000008002a00       0x10 /home/vahid/ARM-Toolchain/gcc-arm-none-eabi-9-2019-q4-major/bin/../lib/gcc/arm-none-eabi/9.2.1/../../../../arm-none-eabi/lib/thumb/v7-m/nofp/libc_nano.a(lib_a-memset.o)
                0x0000000008002a00                memset
 *(.glue_7)
 .glue_7        0x0000000008002a10        0x0 linker stubs
 *(.glue_7t)
 .glue_7t       0x0000000008002a10        0x0 linker stubs
 *(.eh_frame)
 .eh_frame      0x0000000008002a10        0x0 /home/vahid/ARM-Toolchain/gcc-arm-none-eabi-9-2019-q4-major/bin/../lib/gcc/arm-none-eabi/9.2.1/thumb/v7-m/nofp/crtbegin.o
 *(.init)
 .init          0x0000000008002a10        0x4 /home/vahid/ARM-Toolchain/gcc-arm-none-eabi-9-2019-q4-major/bin/../lib/gcc/arm-none-eabi/9.2.1/thumb/v7-m/nofp/crti.o
                0x0000000008002a10                _init
 .init          0x0000000008002a14        0x8 /home/vahid/ARM-Toolchain/gcc-arm-none-eabi-9-2019-q4-major/bin/../lib/gcc/arm-none-eabi/9.2.1/thumb/v7-m/nofp/crtn.o
 *(.fini)
 .fini          0x0000000008002a1c        0x4 /home/vahid/ARM-Toolchain/gcc-arm-none-eabi-9-2019-q4-major/bin/../lib/gcc/arm-none-eabi/9.2.1/thumb/v7-m/nofp/crti.o
                0x0000000008002a1c                _fini
 .fini          0x0000000008002a20        0x8 /home/vahid/ARM-Toolchain/gcc-arm-none-eabi-9-2019-q4-major/bin/../lib/gcc/arm-none-eabi/9.2.1/thumb/v7-m/nofp/crtn.o
                0x0000000008002a28                . = ALIGN (0x4)
                0x0000000008002a28                _etext = .

.vfp11_veneer   0x0000000008002a28        0x0
 .vfp11_veneer  0x0000000008002a28        0x0 linker stubs

.v4_bx          0x0000000008002a28        0x0
 .v4_bx         0x0000000008002a28        0x0 linker stubs

.iplt           0x0000000008002a28        0x0
 .iplt          0x0000000008002a28        0x0 /home/vahid/ARM-Toolchain/gcc-arm-none-eabi-9-2019-q4-major/bin/../lib/gcc/arm-none-eabi/9.2.1/thumb/v7-m/nofp/crtbegin.o

.rodata         0x0000000008002a28       0x2c
                0x0000000008002a28                . = ALIGN (0x4)
 *(.rodata)
 *(.rodata*)
 .rodata.HAL_RCC_GetSysClockFreq.str1.4
                0x0000000008002a28       0x11 build/stm32f1xx_hal_rcc.o
 .rodata.HAL_RCCEx_GetPeriphCLKFreq.str1.4
                0x0000000008002a39       0x11 build/stm32f1xx_hal_rcc_ex.o
 *fill*         0x0000000008002a39        0x3 
 .rodata.AHBPrescTable
                0x0000000008002a3c       0x10 build/system_stm32f1xx.o
                0x0000000008002a3c                AHBPrescTable
 .rodata.APBPrescTable
                0x0000000008002a4c        0x8 build/system_stm32f1xx.o
                0x0000000008002a4c                APBPrescTable
                0x0000000008002a54                . = ALIGN (0x4)

.rel.dyn        0x0000000008002a54        0x0
 .rel.iplt      0x0000000008002a54        0x0 /home/vahid/ARM-Toolchain/gcc-arm-none-eabi-9-2019-q4-major/bin/../lib/gcc/arm-none-eabi/9.2.1/thumb/v7-m/nofp/crtbegin.o

.ARM.extab
 *(.ARM.extab* .gnu.linkonce.armextab.*)

.ARM            0x0000000008002a54        0x0
                0x0000000008002a54                __exidx_start = .
 *(.ARM.exidx*)
                0x0000000008002a54                __exidx_end = .

.preinit_array  0x0000000008002a54        0x0
                0x0000000008002a54                PROVIDE (__preinit_array_start = .)
 *(.preinit_array*)
                0x0000000008002a54                PROVIDE (__preinit_array_end = .)

.init_array     0x0000000008002a54        0x4
                0x0000000008002a54                PROVIDE (__init_array_start = .)
 *(SORT_BY_NAME(.init_array.*))
 *(.init_array*)
 .init_array    0x0000000008002a54        0x4 /home/vahid/ARM-Toolchain/gcc-arm-none-eabi-9-2019-q4-major/bin/../lib/gcc/arm-none-eabi/9.2.1/thumb/v7-m/nofp/crtbegin.o
                0x0000000008002a58                PROVIDE (__init_array_end = .)

.fini_array     0x0000000008002a58        0x4
                [!provide]                        PROVIDE (__fini_array_start = .)
 *(SORT_BY_NAME(.fini_array.*))
 *(.fini_array*)
 .fini_array    0x0000000008002a58        0x4 /home/vahid/ARM-Toolchain/gcc-arm-none-eabi-9-2019-q4-major/bin/../lib/gcc/arm-none-eabi/9.2.1/thumb/v7-m/nofp/crtbegin.o
                [!provide]                        PROVIDE (__fini_array_end = .)
                0x0000000008002a5c                _sidata = LOADADDR (.data)

.data           0x0000000020000000       0x3c load address 0x0000000008002a5c
                0x0000000020000000                . = ALIGN (0x4)
                0x0000000020000000                _sdata = .
 *(.data)
 *(.data*)
 .data.Alpha_Worldlines
                0x0000000020000000       0x30 build/nixie.o
                0x0000000020000000                Alpha_Worldlines
 .data.uwTickFreq
                0x0000000020000030        0x1 build/stm32f1xx_hal.o
                0x0000000020000030                uwTickFreq
 *fill*         0x0000000020000031        0x3 
 .data.uwTickPrio
                0x0000000020000034        0x4 build/stm32f1xx_hal.o
                0x0000000020000034                uwTickPrio
 .data.SystemCoreClock
                0x0000000020000038        0x4 build/system_stm32f1xx.o
                0x0000000020000038                SystemCoreClock
                0x000000002000003c                . = ALIGN (0x4)
                0x000000002000003c                _edata = .

.igot.plt       0x000000002000003c        0x0 load address 0x0000000008002a98
 .igot.plt      0x000000002000003c        0x0 /home/vahid/ARM-Toolchain/gcc-arm-none-eabi-9-2019-q4-major/bin/../lib/gcc/arm-none-eabi/9.2.1/thumb/v7-m/nofp/crtbegin.o
                0x000000002000003c                . = ALIGN (0x4)

.bss            0x000000002000003c       0x9c load address 0x0000000008002a98
                0x000000002000003c                _sbss = .
                0x000000002000003c                __bss_start__ = _sbss
 *(.bss)
 .bss           0x000000002000003c       0x1c /home/vahid/ARM-Toolchain/gcc-arm-none-eabi-9-2019-q4-major/bin/../lib/gcc/arm-none-eabi/9.2.1/thumb/v7-m/nofp/crtbegin.o
 *(.bss*)
 .bss.Nixie_Buffer
                0x0000000020000058        0xd build/nixie.o
                0x0000000020000058                Nixie_Buffer
 *(COMMON)
 *fill*         0x0000000020000065        0x3 
 COMMON         0x0000000020000068       0x6c build/main.o
                0x0000000020000068                hrtc
                0x000000002000007c                hspi1
 COMMON         0x00000000200000d4        0x4 build/stm32f1xx_hal.o
                0x00000000200000d4                uwTick
                0x00000000200000d8                . = ALIGN (0x4)
                0x00000000200000d8                _ebss = .
                0x00000000200000d8                __bss_end__ = _ebss

._user_heap_stack
                0x00000000200000d8      0x600 load address 0x0000000008002a98
                0x00000000200000d8                . = ALIGN (0x8)
                [!provide]                        PROVIDE (end = .)
                [!provide]                        PROVIDE (_end = .)
                0x00000000200002d8                . = (. + _Min_Heap_Size)
 *fill*         0x00000000200000d8      0x200 
                0x00000000200006d8                . = (. + _Min_Stack_Size)
 *fill*         0x00000000200002d8      0x400 
                0x00000000200006d8                . = ALIGN (0x8)

/DISCARD/
 libc.a(*)
 libm.a(*)
 libgcc.a(*)

.ARM.attributes
                0x0000000000000000       0x29
 *(.ARM.attributes)
 .ARM.attributes
                0x0000000000000000       0x1d /home/vahid/ARM-Toolchain/gcc-arm-none-eabi-9-2019-q4-major/bin/../lib/gcc/arm-none-eabi/9.2.1/thumb/v7-m/nofp/crti.o
 .ARM.attributes
                0x000000000000001d       0x2d /home/vahid/ARM-Toolchain/gcc-arm-none-eabi-9-2019-q4-major/bin/../lib/gcc/arm-none-eabi/9.2.1/thumb/v7-m/nofp/crtbegin.o
 .ARM.attributes
                0x000000000000004a       0x2d build/main.o
 .ARM.attributes
                0x0000000000000077       0x2d build/stm32f1xx_it.o
 .ARM.attributes
                0x00000000000000a4       0x2d build/stm32f1xx_hal_msp.o
 .ARM.attributes
                0x00000000000000d1       0x2d build/nixie.o
 .ARM.attributes
                0x00000000000000fe       0x2d build/stm32f1xx_hal_rtc.o
 .ARM.attributes
                0x000000000000012b       0x2d build/stm32f1xx_hal.o
 .ARM.attributes
                0x0000000000000158       0x2d build/stm32f1xx_hal_rcc.o
 .ARM.attributes
                0x0000000000000185       0x2d build/stm32f1xx_hal_rcc_ex.o
 .ARM.attributes
                0x00000000000001b2       0x2d build/stm32f1xx_hal_gpio.o
 .ARM.attributes
                0x00000000000001df       0x2d build/stm32f1xx_hal_cortex.o
 .ARM.attributes
                0x000000000000020c       0x2d build/stm32f1xx_hal_pwr.o
 .ARM.attributes
                0x0000000000000239       0x2d build/stm32f1xx_hal_spi.o
 .ARM.attributes
                0x0000000000000266       0x2d build/system_stm32f1xx.o
 .ARM.attributes
                0x0000000000000293       0x21 build/startup_stm32f103xb.o
 .ARM.attributes
                0x00000000000002b4       0x2d /home/vahid/ARM-Toolchain/gcc-arm-none-eabi-9-2019-q4-major/bin/../lib/gcc/arm-none-eabi/9.2.1/../../../../arm-none-eabi/lib/thumb/v7-m/nofp/libc_nano.a(lib_a-init.o)
 .ARM.attributes
                0x00000000000002e1       0x2d /home/vahid/ARM-Toolchain/gcc-arm-none-eabi-9-2019-q4-major/bin/../lib/gcc/arm-none-eabi/9.2.1/../../../../arm-none-eabi/lib/thumb/v7-m/nofp/libc_nano.a(lib_a-memset.o)
 .ARM.attributes
                0x000000000000030e       0x1d /home/vahid/ARM-Toolchain/gcc-arm-none-eabi-9-2019-q4-major/bin/../lib/gcc/arm-none-eabi/9.2.1/thumb/v7-m/nofp/crtn.o
OUTPUT(build/stm32f103-nixieclock.elf elf32-littlearm)

.debug_info     0x0000000000000000     0xc7eb
 .debug_info    0x0000000000000000     0x114c build/main.o
 .debug_info    0x000000000000114c      0x2c7 build/stm32f1xx_it.o
 .debug_info    0x0000000000001413      0xcd1 build/stm32f1xx_hal_msp.o
 .debug_info    0x00000000000020e4     0x361d build/nixie.o
 .debug_info    0x0000000000005701     0x14b7 build/stm32f1xx_hal_rtc.o
 .debug_info    0x0000000000006bb8      0x8c6 build/stm32f1xx_hal.o
 .debug_info    0x000000000000747e      0xb59 build/stm32f1xx_hal_rcc.o
 .debug_info    0x0000000000007fd7      0x533 build/stm32f1xx_hal_rcc_ex.o
 .debug_info    0x000000000000850a      0x7a8 build/stm32f1xx_hal_gpio.o
 .debug_info    0x0000000000008cb2      0xee9 build/stm32f1xx_hal_cortex.o
 .debug_info    0x0000000000009b9b      0x81c build/stm32f1xx_hal_pwr.o
 .debug_info    0x000000000000a3b7     0x1f43 build/stm32f1xx_hal_spi.o
 .debug_info    0x000000000000c2fa      0x4cf build/system_stm32f1xx.o
 .debug_info    0x000000000000c7c9       0x22 build/startup_stm32f103xb.o

.debug_abbrev   0x0000000000000000     0x1d9a
 .debug_abbrev  0x0000000000000000      0x279 build/main.o
 .debug_abbrev  0x0000000000000279      0x12a build/stm32f1xx_it.o
 .debug_abbrev  0x00000000000003a3      0x21f build/stm32f1xx_hal_msp.o
 .debug_abbrev  0x00000000000005c2      0x267 build/nixie.o
 .debug_abbrev  0x0000000000000829      0x287 build/stm32f1xx_hal_rtc.o
 .debug_abbrev  0x0000000000000ab0      0x22f build/stm32f1xx_hal.o
 .debug_abbrev  0x0000000000000cdf      0x2ad build/stm32f1xx_hal_rcc.o
 .debug_abbrev  0x0000000000000f8c      0x1fb build/stm32f1xx_hal_rcc_ex.o
 .debug_abbrev  0x0000000000001187      0x24f build/stm32f1xx_hal_gpio.o
 .debug_abbrev  0x00000000000013d6      0x37f build/stm32f1xx_hal_cortex.o
 .debug_abbrev  0x0000000000001755      0x222 build/stm32f1xx_hal_pwr.o
 .debug_abbrev  0x0000000000001977      0x2be build/stm32f1xx_hal_spi.o
 .debug_abbrev  0x0000000000001c35      0x153 build/system_stm32f1xx.o
 .debug_abbrev  0x0000000000001d88       0x12 build/startup_stm32f103xb.o

.debug_loc      0x0000000000000000     0x6c7c
 .debug_loc     0x0000000000000000       0xe9 build/main.o
 .debug_loc     0x00000000000000e9       0x40 build/stm32f1xx_it.o
 .debug_loc     0x0000000000000129      0x186 build/stm32f1xx_hal_msp.o
 .debug_loc     0x00000000000002af      0xe28 build/nixie.o
 .debug_loc     0x00000000000010d7     0x1b5a build/stm32f1xx_hal_rtc.o
 .debug_loc     0x0000000000002c31      0x1bb build/stm32f1xx_hal.o
 .debug_loc     0x0000000000002dec      0x7c0 build/stm32f1xx_hal_rcc.o
 .debug_loc     0x00000000000035ac      0x40a build/stm32f1xx_hal_rcc_ex.o
 .debug_loc     0x00000000000039b6      0x50e build/stm32f1xx_hal_gpio.o
 .debug_loc     0x0000000000003ec4      0x7af build/stm32f1xx_hal_cortex.o
 .debug_loc     0x0000000000004673      0x182 build/stm32f1xx_hal_pwr.o
 .debug_loc     0x00000000000047f5     0x2388 build/stm32f1xx_hal_spi.o
 .debug_loc     0x0000000000006b7d       0xff build/system_stm32f1xx.o

.debug_aranges  0x0000000000000000      0x7a8
 .debug_aranges
                0x0000000000000000       0x48 build/main.o
 .debug_aranges
                0x0000000000000048       0x68 build/stm32f1xx_it.o
 .debug_aranges
                0x00000000000000b0       0x40 build/stm32f1xx_hal_msp.o
 .debug_aranges
                0x00000000000000f0       0x70 build/nixie.o
 .debug_aranges
                0x0000000000000160       0xf8 build/stm32f1xx_hal_rtc.o
 .debug_aranges
                0x0000000000000258       0xe0 build/stm32f1xx_hal.o
 .debug_aranges
                0x0000000000000338       0x90 build/stm32f1xx_hal_rcc.o
 .debug_aranges
                0x00000000000003c8       0x30 build/stm32f1xx_hal_rcc_ex.o
 .debug_aranges
                0x00000000000003f8       0x58 build/stm32f1xx_hal_gpio.o
 .debug_aranges
                0x0000000000000450       0x90 build/stm32f1xx_hal_cortex.o
 .debug_aranges
                0x00000000000004e0       0xa8 build/stm32f1xx_hal_pwr.o
 .debug_aranges
                0x0000000000000588      0x1d0 build/stm32f1xx_hal_spi.o
 .debug_aranges
                0x0000000000000758       0x28 build/system_stm32f1xx.o
 .debug_aranges
                0x0000000000000780       0x28 build/startup_stm32f103xb.o

.debug_ranges   0x0000000000000000      0x768
 .debug_ranges  0x0000000000000000       0x38 build/main.o
 .debug_ranges  0x0000000000000038       0x58 build/stm32f1xx_it.o
 .debug_ranges  0x0000000000000090       0x30 build/stm32f1xx_hal_msp.o
 .debug_ranges  0x00000000000000c0       0x60 build/nixie.o
 .debug_ranges  0x0000000000000120       0xe8 build/stm32f1xx_hal_rtc.o
 .debug_ranges  0x0000000000000208       0xd0 build/stm32f1xx_hal.o
 .debug_ranges  0x00000000000002d8       0xa0 build/stm32f1xx_hal_rcc.o
 .debug_ranges  0x0000000000000378       0x38 build/stm32f1xx_hal_rcc_ex.o
 .debug_ranges  0x00000000000003b0       0x48 build/stm32f1xx_hal_gpio.o
 .debug_ranges  0x00000000000003f8       0xe0 build/stm32f1xx_hal_cortex.o
 .debug_ranges  0x00000000000004d8       0x98 build/stm32f1xx_hal_pwr.o
 .debug_ranges  0x0000000000000570      0x1c0 build/stm32f1xx_hal_spi.o
 .debug_ranges  0x0000000000000730       0x18 build/system_stm32f1xx.o
 .debug_ranges  0x0000000000000748       0x20 build/startup_stm32f103xb.o

.debug_line     0x0000000000000000     0x7ab2
 .debug_line    0x0000000000000000      0x4d4 build/main.o
 .debug_line    0x00000000000004d4      0x2c7 build/stm32f1xx_it.o
 .debug_line    0x000000000000079b      0x35a build/stm32f1xx_hal_msp.o
 .debug_line    0x0000000000000af5      0xfd8 build/nixie.o
 .debug_line    0x0000000000001acd     0x1191 build/stm32f1xx_hal_rtc.o
 .debug_line    0x0000000000002c5e      0x520 build/stm32f1xx_hal.o
 .debug_line    0x000000000000317e      0xc41 build/stm32f1xx_hal_rcc.o
 .debug_line    0x0000000000003dbf      0x4ce build/stm32f1xx_hal_rcc_ex.o
 .debug_line    0x000000000000428d      0x627 build/stm32f1xx_hal_gpio.o
 .debug_line    0x00000000000048b4      0x67a build/stm32f1xx_hal_cortex.o
 .debug_line    0x0000000000004f2e      0x47f build/stm32f1xx_hal_pwr.o
 .debug_line    0x00000000000053ad     0x23c9 build/stm32f1xx_hal_spi.o
 .debug_line    0x0000000000007776      0x2ca build/system_stm32f1xx.o
 .debug_line    0x0000000000007a40       0x72 build/startup_stm32f103xb.o

.debug_str      0x0000000000000000     0x2368
 .debug_str     0x0000000000000000      0xd25 build/main.o
                                        0xde0 (size before relaxing)
 .debug_str     0x0000000000000d25       0xdd build/stm32f1xx_it.o
                                        0x348 (size before relaxing)
 .debug_str     0x0000000000000e02       0xd3 build/stm32f1xx_hal_msp.o
                                        0x89f (size before relaxing)
 .debug_str     0x0000000000000ed5       0x99 build/nixie.o
                                        0x721 (size before relaxing)
 .debug_str     0x0000000000000f6e      0x324 build/stm32f1xx_hal_rtc.o
                                        0x7d2 (size before relaxing)
 .debug_str     0x0000000000001292      0x252 build/stm32f1xx_hal.o
                                        0x862 (size before relaxing)
 .debug_str     0x00000000000014e4      0x1e2 build/stm32f1xx_hal_rcc.o
                                        0x6b7 (size before relaxing)
 .debug_str     0x00000000000016c6       0x81 build/stm32f1xx_hal_rcc_ex.o
                                        0x496 (size before relaxing)
 .debug_str     0x0000000000001747       0xdc build/stm32f1xx_hal_gpio.o
                                        0x4d5 (size before relaxing)
 .debug_str     0x0000000000001823      0x3a5 build/stm32f1xx_hal_cortex.o
                                        0x984 (size before relaxing)
 .debug_str     0x0000000000001bc8      0x208 build/stm32f1xx_hal_pwr.o
                                        0x55e (size before relaxing)
 .debug_str     0x0000000000001dd0      0x52a build/stm32f1xx_hal_spi.o
                                        0xbf9 (size before relaxing)
 .debug_str     0x00000000000022fa       0x4a build/system_stm32f1xx.o
                                        0x344 (size before relaxing)
 .debug_str     0x0000000000002344       0x24 build/startup_stm32f103xb.o
                                         0x4f (size before relaxing)

.comment        0x0000000000000000       0x79
 .comment       0x0000000000000000       0x79 build/main.o
                                         0x7a (size before relaxing)
 .comment       0x0000000000000079       0x7a build/stm32f1xx_it.o
 .comment       0x0000000000000079       0x7a build/stm32f1xx_hal_msp.o
 .comment       0x0000000000000079       0x7a build/nixie.o
 .comment       0x0000000000000079       0x7a build/stm32f1xx_hal_rtc.o
 .comment       0x0000000000000079       0x7a build/stm32f1xx_hal.o
 .comment       0x0000000000000079       0x7a build/stm32f1xx_hal_rcc.o
 .comment       0x0000000000000079       0x7a build/stm32f1xx_hal_rcc_ex.o
 .comment       0x0000000000000079       0x7a build/stm32f1xx_hal_gpio.o
 .comment       0x0000000000000079       0x7a build/stm32f1xx_hal_cortex.o
 .comment       0x0000000000000079       0x7a build/stm32f1xx_hal_pwr.o
 .comment       0x0000000000000079       0x7a build/stm32f1xx_hal_spi.o
 .comment       0x0000000000000079       0x7a build/system_stm32f1xx.o

.debug_frame    0x0000000000000000     0x15cc
 .debug_frame   0x0000000000000000       0xc8 build/main.o
 .debug_frame   0x00000000000000c8       0xc8 build/stm32f1xx_it.o
 .debug_frame   0x0000000000000190       0x90 build/stm32f1xx_hal_msp.o
 .debug_frame   0x0000000000000220      0x184 build/nixie.o
 .debug_frame   0x00000000000003a4      0x3ec build/stm32f1xx_hal_rtc.o
 .debug_frame   0x0000000000000790      0x1e0 build/stm32f1xx_hal.o
 .debug_frame   0x0000000000000970      0x1c0 build/stm32f1xx_hal_rcc.o
 .debug_frame   0x0000000000000b30       0x6c build/stm32f1xx_hal_rcc_ex.o
 .debug_frame   0x0000000000000b9c      0x104 build/stm32f1xx_hal_gpio.o
 .debug_frame   0x0000000000000ca0      0x13c build/stm32f1xx_hal_cortex.o
 .debug_frame   0x0000000000000ddc      0x148 build/stm32f1xx_hal_pwr.o
 .debug_frame   0x0000000000000f24      0x62c build/stm32f1xx_hal_spi.o
 .debug_frame   0x0000000000001550       0x30 build/system_stm32f1xx.o
 .debug_frame   0x0000000000001580       0x2c /home/vahid/ARM-Toolchain/gcc-arm-none-eabi-9-2019-q4-major/bin/../lib/gcc/arm-none-eabi/9.2.1/../../../../arm-none-eabi/lib/thumb/v7-m/nofp/libc_nano.a(lib_a-init.o)
 .debug_frame   0x00000000000015ac       0x20 /home/vahid/ARM-Toolchain/gcc-arm-none-eabi-9-2019-q4-major/bin/../lib/gcc/arm-none-eabi/9.2.1/../../../../arm-none-eabi/lib/thumb/v7-m/nofp/libc_nano.a(lib_a-memset.o)

Cross Reference Table

Symbol                                            File
ADC1_2_IRQHandler                                 build/startup_stm32f103xb.o
AHBPrescTable                                     build/system_stm32f1xx.o
                                                  build/stm32f1xx_hal_rcc.o
APBPrescTable                                     build/system_stm32f1xx.o
                                                  build/stm32f1xx_hal_rcc.o
Alpha_Worldlines                                  build/nixie.o
BusFault_Handler                                  build/stm32f1xx_it.o
CAN1_RX1_IRQHandler                               build/startup_stm32f103xb.o
CAN1_SCE_IRQHandler                               build/startup_stm32f103xb.o
Clear_Nixie_Buffer                                build/nixie.o
DMA1_Channel1_IRQHandler                          build/startup_stm32f103xb.o
DMA1_Channel2_IRQHandler                          build/startup_stm32f103xb.o
DMA1_Channel3_IRQHandler                          build/startup_stm32f103xb.o
DMA1_Channel4_IRQHandler                          build/startup_stm32f103xb.o
DMA1_Channel5_IRQHandler                          build/startup_stm32f103xb.o
DMA1_Channel6_IRQHandler                          build/startup_stm32f103xb.o
DMA1_Channel7_IRQHandler                          build/startup_stm32f103xb.o
DebugMon_Handler                                  build/stm32f1xx_it.o
Default_Handler                                   build/startup_stm32f103xb.o
Display_AlphaWorldlines                           build/nixie.o
                                                  build/main.o
EXTI0_IRQHandler                                  build/startup_stm32f103xb.o
EXTI15_10_IRQHandler                              build/stm32f1xx_it.o
EXTI1_IRQHandler                                  build/startup_stm32f103xb.o
EXTI2_IRQHandler                                  build/startup_stm32f103xb.o
EXTI3_IRQHandler                                  build/startup_stm32f103xb.o
EXTI4_IRQHandler                                  build/startup_stm32f103xb.o
EXTI9_5_IRQHandler                                build/startup_stm32f103xb.o
Error_Handler                                     build/main.o
FLASH_IRQHandler                                  build/startup_stm32f103xb.o
FLASH_PageErase                                   build/stm32f1xx_hal_flash_ex.o
                                                  build/stm32f1xx_hal_flash.o
FLASH_WaitForLastOperation                        build/stm32f1xx_hal_flash.o
                                                  build/stm32f1xx_hal_flash_ex.o
HAL_DBGMCU_DisableDBGSleepMode                    build/stm32f1xx_hal.o
HAL_DBGMCU_DisableDBGStandbyMode                  build/stm32f1xx_hal.o
HAL_DBGMCU_DisableDBGStopMode                     build/stm32f1xx_hal.o
HAL_DBGMCU_EnableDBGSleepMode                     build/stm32f1xx_hal.o
HAL_DBGMCU_EnableDBGStandbyMode                   build/stm32f1xx_hal.o
HAL_DBGMCU_EnableDBGStopMode                      build/stm32f1xx_hal.o
HAL_DMA_Abort                                     build/stm32f1xx_hal_dma.o
                                                  build/stm32f1xx_hal_spi.o
HAL_DMA_Abort_IT                                  build/stm32f1xx_hal_dma.o
                                                  build/stm32f1xx_hal_spi.o
HAL_DMA_DeInit                                    build/stm32f1xx_hal_dma.o
HAL_DMA_GetError                                  build/stm32f1xx_hal_dma.o
HAL_DMA_GetState                                  build/stm32f1xx_hal_dma.o
HAL_DMA_IRQHandler                                build/stm32f1xx_hal_dma.o
HAL_DMA_Init                                      build/stm32f1xx_hal_dma.o
HAL_DMA_PollForTransfer                           build/stm32f1xx_hal_dma.o
HAL_DMA_RegisterCallback                          build/stm32f1xx_hal_dma.o
HAL_DMA_Start                                     build/stm32f1xx_hal_dma.o
HAL_DMA_Start_IT                                  build/stm32f1xx_hal_dma.o
                                                  build/stm32f1xx_hal_spi.o
HAL_DMA_UnRegisterCallback                        build/stm32f1xx_hal_dma.o
HAL_DeInit                                        build/stm32f1xx_hal.o
HAL_Delay                                         build/stm32f1xx_hal.o
                                                  build/nixie.o
HAL_EXTI_ClearConfigLine                          build/stm32f1xx_hal_exti.o
HAL_EXTI_ClearPending                             build/stm32f1xx_hal_exti.o
HAL_EXTI_GenerateSWI                              build/stm32f1xx_hal_exti.o
HAL_EXTI_GetConfigLine                            build/stm32f1xx_hal_exti.o
HAL_EXTI_GetHandle                                build/stm32f1xx_hal_exti.o
HAL_EXTI_GetPending                               build/stm32f1xx_hal_exti.o
HAL_EXTI_IRQHandler                               build/stm32f1xx_hal_exti.o
HAL_EXTI_RegisterCallback                         build/stm32f1xx_hal_exti.o
HAL_EXTI_SetConfigLine                            build/stm32f1xx_hal_exti.o
HAL_FLASHEx_Erase                                 build/stm32f1xx_hal_flash_ex.o
HAL_FLASHEx_Erase_IT                              build/stm32f1xx_hal_flash_ex.o
HAL_FLASHEx_OBErase                               build/stm32f1xx_hal_flash_ex.o
HAL_FLASHEx_OBGetConfig                           build/stm32f1xx_hal_flash_ex.o
HAL_FLASHEx_OBGetUserData                         build/stm32f1xx_hal_flash_ex.o
HAL_FLASHEx_OBProgram                             build/stm32f1xx_hal_flash_ex.o
HAL_FLASH_EndOfOperationCallback                  build/stm32f1xx_hal_flash.o
HAL_FLASH_GetError                                build/stm32f1xx_hal_flash.o
HAL_FLASH_IRQHandler                              build/stm32f1xx_hal_flash.o
HAL_FLASH_Lock                                    build/stm32f1xx_hal_flash.o
HAL_FLASH_OB_Launch                               build/stm32f1xx_hal_flash.o
HAL_FLASH_OB_Lock                                 build/stm32f1xx_hal_flash.o
HAL_FLASH_OB_Unlock                               build/stm32f1xx_hal_flash.o
HAL_FLASH_OperationErrorCallback                  build/stm32f1xx_hal_flash.o
HAL_FLASH_Program                                 build/stm32f1xx_hal_flash.o
HAL_FLASH_Program_IT                              build/stm32f1xx_hal_flash.o
HAL_FLASH_Unlock                                  build/stm32f1xx_hal_flash.o
HAL_GPIOEx_ConfigEventout                         build/stm32f1xx_hal_gpio_ex.o
HAL_GPIOEx_DisableEventout                        build/stm32f1xx_hal_gpio_ex.o
HAL_GPIOEx_EnableEventout                         build/stm32f1xx_hal_gpio_ex.o
HAL_GPIO_DeInit                                   build/stm32f1xx_hal_gpio.o
                                                  build/stm32f1xx_hal_msp.o
HAL_GPIO_EXTI_Callback                            build/stm32f1xx_hal_gpio.o
HAL_GPIO_EXTI_IRQHandler                          build/stm32f1xx_hal_gpio.o
                                                  build/stm32f1xx_it.o
HAL_GPIO_Init                                     build/stm32f1xx_hal_gpio.o
                                                  build/stm32f1xx_hal_rcc.o
                                                  build/stm32f1xx_hal_msp.o
                                                  build/main.o
HAL_GPIO_LockPin                                  build/stm32f1xx_hal_gpio.o
HAL_GPIO_ReadPin                                  build/stm32f1xx_hal_gpio.o
HAL_GPIO_TogglePin                                build/stm32f1xx_hal_gpio.o
HAL_GPIO_WritePin                                 build/stm32f1xx_hal_gpio.o
                                                  build/nixie.o
                                                  build/main.o
HAL_GetDEVID                                      build/stm32f1xx_hal.o
HAL_GetHalVersion                                 build/stm32f1xx_hal.o
HAL_GetREVID                                      build/stm32f1xx_hal.o
HAL_GetTick                                       build/stm32f1xx_hal.o
                                                  build/stm32f1xx_hal_spi.o
                                                  build/stm32f1xx_hal_flash.o
                                                  build/stm32f1xx_hal_dma.o
                                                  build/stm32f1xx_hal_rcc_ex.o
                                                  build/stm32f1xx_hal_rcc.o
                                                  build/stm32f1xx_hal_rtc_ex.o
                                                  build/stm32f1xx_hal_rtc.o
HAL_GetTickFreq                                   build/stm32f1xx_hal.o
HAL_GetTickPrio                                   build/stm32f1xx_hal.o
HAL_GetUIDw0                                      build/stm32f1xx_hal.o
HAL_GetUIDw1                                      build/stm32f1xx_hal.o
HAL_GetUIDw2                                      build/stm32f1xx_hal.o
HAL_IncTick                                       build/stm32f1xx_hal.o
                                                  build/stm32f1xx_it.o
HAL_Init                                          build/stm32f1xx_hal.o
                                                  build/main.o
HAL_InitTick                                      build/stm32f1xx_hal.o
                                                  build/stm32f1xx_hal_rcc.o
HAL_MspDeInit                                     build/stm32f1xx_hal.o
HAL_MspInit                                       build/stm32f1xx_hal_msp.o
HAL_NVIC_ClearPendingIRQ                          build/stm32f1xx_hal_cortex.o
HAL_NVIC_DisableIRQ                               build/stm32f1xx_hal_cortex.o
HAL_NVIC_EnableIRQ                                build/stm32f1xx_hal_cortex.o
                                                  build/main.o
HAL_NVIC_GetActive                                build/stm32f1xx_hal_cortex.o
HAL_NVIC_GetPendingIRQ                            build/stm32f1xx_hal_cortex.o
HAL_NVIC_GetPriority                              build/stm32f1xx_hal_cortex.o
HAL_NVIC_GetPriorityGrouping                      build/stm32f1xx_hal_cortex.o
HAL_NVIC_SetPendingIRQ                            build/stm32f1xx_hal_cortex.o
HAL_NVIC_SetPriority                              build/stm32f1xx_hal_cortex.o
                                                  build/stm32f1xx_hal.o
                                                  build/main.o
HAL_NVIC_SetPriorityGrouping                      build/stm32f1xx_hal_cortex.o
                                                  build/stm32f1xx_hal.o
HAL_NVIC_SystemReset                              build/stm32f1xx_hal_cortex.o
                                                  build/stm32f1xx_hal_flash.o
HAL_PWR_ConfigPVD                                 build/stm32f1xx_hal_pwr.o
HAL_PWR_DeInit                                    build/stm32f1xx_hal_pwr.o
HAL_PWR_DisableBkUpAccess                         build/stm32f1xx_hal_pwr.o
HAL_PWR_DisablePVD                                build/stm32f1xx_hal_pwr.o
HAL_PWR_DisableSEVOnPend                          build/stm32f1xx_hal_pwr.o
HAL_PWR_DisableSleepOnExit                        build/stm32f1xx_hal_pwr.o
HAL_PWR_DisableWakeUpPin                          build/stm32f1xx_hal_pwr.o
HAL_PWR_EnableBkUpAccess                          build/stm32f1xx_hal_pwr.o
                                                  build/stm32f1xx_hal_msp.o
HAL_PWR_EnablePVD                                 build/stm32f1xx_hal_pwr.o
HAL_PWR_EnableSEVOnPend                           build/stm32f1xx_hal_pwr.o
HAL_PWR_EnableSleepOnExit                         build/stm32f1xx_hal_pwr.o
HAL_PWR_EnableWakeUpPin                           build/stm32f1xx_hal_pwr.o
HAL_PWR_EnterSLEEPMode                            build/stm32f1xx_hal_pwr.o
HAL_PWR_EnterSTANDBYMode                          build/stm32f1xx_hal_pwr.o
HAL_PWR_EnterSTOPMode                             build/stm32f1xx_hal_pwr.o
HAL_PWR_PVDCallback                               build/stm32f1xx_hal_pwr.o
HAL_PWR_PVD_IRQHandler                            build/stm32f1xx_hal_pwr.o
HAL_RCCEx_GetPeriphCLKConfig                      build/stm32f1xx_hal_rcc_ex.o
HAL_RCCEx_GetPeriphCLKFreq                        build/stm32f1xx_hal_rcc_ex.o
                                                  build/stm32f1xx_hal_rtc.o
HAL_RCCEx_PeriphCLKConfig                         build/stm32f1xx_hal_rcc_ex.o
                                                  build/main.o
HAL_RCC_CSSCallback                               build/stm32f1xx_hal_rcc.o
HAL_RCC_ClockConfig                               build/stm32f1xx_hal_rcc.o
                                                  build/main.o
HAL_RCC_DeInit                                    build/stm32f1xx_hal_rcc.o
HAL_RCC_DisableCSS                                build/stm32f1xx_hal_rcc.o
HAL_RCC_EnableCSS                                 build/stm32f1xx_hal_rcc.o
HAL_RCC_GetClockConfig                            build/stm32f1xx_hal_rcc.o
HAL_RCC_GetHCLKFreq                               build/stm32f1xx_hal_rcc.o
HAL_RCC_GetOscConfig                              build/stm32f1xx_hal_rcc.o
HAL_RCC_GetPCLK1Freq                              build/stm32f1xx_hal_rcc.o
HAL_RCC_GetPCLK2Freq                              build/stm32f1xx_hal_rcc.o
                                                  build/stm32f1xx_hal_rcc_ex.o
HAL_RCC_GetSysClockFreq                           build/stm32f1xx_hal_rcc.o
HAL_RCC_MCOConfig                                 build/stm32f1xx_hal_rcc.o
HAL_RCC_NMI_IRQHandler                            build/stm32f1xx_hal_rcc.o
HAL_RCC_OscConfig                                 build/stm32f1xx_hal_rcc.o
                                                  build/main.o
HAL_RTCEx_BKUPRead                                build/stm32f1xx_hal_rtc_ex.o
HAL_RTCEx_BKUPWrite                               build/stm32f1xx_hal_rtc_ex.o
HAL_RTCEx_DeactivateSecond                        build/stm32f1xx_hal_rtc_ex.o
HAL_RTCEx_DeactivateTamper                        build/stm32f1xx_hal_rtc_ex.o
HAL_RTCEx_PollForTamper1Event                     build/stm32f1xx_hal_rtc_ex.o
HAL_RTCEx_RTCEventCallback                        build/stm32f1xx_hal_rtc_ex.o
HAL_RTCEx_RTCEventErrorCallback                   build/stm32f1xx_hal_rtc_ex.o
HAL_RTCEx_RTCIRQHandler                           build/stm32f1xx_hal_rtc_ex.o
HAL_RTCEx_SetSecond_IT                            build/stm32f1xx_hal_rtc_ex.o
HAL_RTCEx_SetSmoothCalib                          build/stm32f1xx_hal_rtc_ex.o
HAL_RTCEx_SetTamper                               build/stm32f1xx_hal_rtc_ex.o
HAL_RTCEx_SetTamper_IT                            build/stm32f1xx_hal_rtc_ex.o
HAL_RTCEx_Tamper1EventCallback                    build/stm32f1xx_hal_rtc_ex.o
HAL_RTCEx_TamperIRQHandler                        build/stm32f1xx_hal_rtc_ex.o
HAL_RTC_AlarmAEventCallback                       build/stm32f1xx_hal_rtc.o
HAL_RTC_AlarmIRQHandler                           build/stm32f1xx_hal_rtc.o
HAL_RTC_DeInit                                    build/stm32f1xx_hal_rtc.o
HAL_RTC_DeactivateAlarm                           build/stm32f1xx_hal_rtc.o
HAL_RTC_GetAlarm                                  build/stm32f1xx_hal_rtc.o
HAL_RTC_GetDate                                   build/stm32f1xx_hal_rtc.o
HAL_RTC_GetState                                  build/stm32f1xx_hal_rtc.o
HAL_RTC_GetTime                                   build/stm32f1xx_hal_rtc.o
HAL_RTC_Init                                      build/stm32f1xx_hal_rtc.o
                                                  build/main.o
HAL_RTC_MspDeInit                                 build/stm32f1xx_hal_msp.o
HAL_RTC_MspInit                                   build/stm32f1xx_hal_msp.o
HAL_RTC_PollForAlarmAEvent                        build/stm32f1xx_hal_rtc.o
HAL_RTC_SetAlarm                                  build/stm32f1xx_hal_rtc.o
HAL_RTC_SetAlarm_IT                               build/stm32f1xx_hal_rtc.o
HAL_RTC_SetDate                                   build/stm32f1xx_hal_rtc.o
                                                  build/main.o
HAL_RTC_SetTime                                   build/stm32f1xx_hal_rtc.o
                                                  build/main.o
HAL_RTC_WaitForSynchro                            build/stm32f1xx_hal_rtc.o
HAL_ResumeTick                                    build/stm32f1xx_hal.o
HAL_SPI_Abort                                     build/stm32f1xx_hal_spi.o
HAL_SPI_AbortCpltCallback                         build/stm32f1xx_hal_spi.o
HAL_SPI_Abort_IT                                  build/stm32f1xx_hal_spi.o
HAL_SPI_DMAPause                                  build/stm32f1xx_hal_spi.o
HAL_SPI_DMAResume                                 build/stm32f1xx_hal_spi.o
HAL_SPI_DMAStop                                   build/stm32f1xx_hal_spi.o
HAL_SPI_DeInit                                    build/stm32f1xx_hal_spi.o
HAL_SPI_ErrorCallback                             build/stm32f1xx_hal_spi.o
HAL_SPI_GetError                                  build/stm32f1xx_hal_spi.o
HAL_SPI_GetState                                  build/stm32f1xx_hal_spi.o
HAL_SPI_IRQHandler                                build/stm32f1xx_hal_spi.o
HAL_SPI_Init                                      build/stm32f1xx_hal_spi.o
                                                  build/main.o
HAL_SPI_MspDeInit                                 build/stm32f1xx_hal_msp.o
HAL_SPI_MspInit                                   build/stm32f1xx_hal_msp.o
HAL_SPI_Receive                                   build/stm32f1xx_hal_spi.o
HAL_SPI_Receive_DMA                               build/stm32f1xx_hal_spi.o
HAL_SPI_Receive_IT                                build/stm32f1xx_hal_spi.o
HAL_SPI_RxCpltCallback                            build/stm32f1xx_hal_spi.o
HAL_SPI_RxHalfCpltCallback                        build/stm32f1xx_hal_spi.o
HAL_SPI_Transmit                                  build/stm32f1xx_hal_spi.o
                                                  build/nixie.o
HAL_SPI_TransmitReceive                           build/stm32f1xx_hal_spi.o
HAL_SPI_TransmitReceive_DMA                       build/stm32f1xx_hal_spi.o
HAL_SPI_TransmitReceive_IT                        build/stm32f1xx_hal_spi.o
HAL_SPI_Transmit_DMA                              build/stm32f1xx_hal_spi.o
HAL_SPI_Transmit_IT                               build/stm32f1xx_hal_spi.o
HAL_SPI_TxCpltCallback                            build/stm32f1xx_hal_spi.o
HAL_SPI_TxHalfCpltCallback                        build/stm32f1xx_hal_spi.o
HAL_SPI_TxRxCpltCallback                          build/stm32f1xx_hal_spi.o
HAL_SPI_TxRxHalfCpltCallback                      build/stm32f1xx_hal_spi.o
HAL_SYSTICK_CLKSourceConfig                       build/stm32f1xx_hal_cortex.o
HAL_SYSTICK_Callback                              build/stm32f1xx_hal_cortex.o
HAL_SYSTICK_Config                                build/stm32f1xx_hal_cortex.o
                                                  build/stm32f1xx_hal.o
HAL_SYSTICK_IRQHandler                            build/stm32f1xx_hal_cortex.o
HAL_SetTickFreq                                   build/stm32f1xx_hal.o
HAL_SuspendTick                                   build/stm32f1xx_hal.o
HardFault_Handler                                 build/stm32f1xx_it.o
I2C1_ER_IRQHandler                                build/startup_stm32f103xb.o
I2C1_EV_IRQHandler                                build/startup_stm32f103xb.o
I2C2_ER_IRQHandler                                build/startup_stm32f103xb.o
I2C2_EV_IRQHandler                                build/startup_stm32f103xb.o
Loop_All_Digits                                   build/nixie.o
MemManage_Handler                                 build/stm32f1xx_it.o
NMI_Handler                                       build/stm32f1xx_it.o
Nixie1                                            build/nixie.o
Nixie2                                            build/nixie.o
Nixie3                                            build/nixie.o
Nixie4                                            build/nixie.o
Nixie5                                            build/nixie.o
Nixie6                                            build/nixie.o
Nixie7                                            build/nixie.o
Nixie8                                            build/nixie.o
Nixie_Buffer                                      build/nixie.o
PVD_IRQHandler                                    build/startup_stm32f103xb.o
PendSV_Handler                                    build/stm32f1xx_it.o
RCC_IRQHandler                                    build/startup_stm32f103xb.o
RTC_Alarm_IRQHandler                              build/startup_stm32f103xb.o
RTC_IRQHandler                                    build/startup_stm32f103xb.o
Reset_Handler                                     build/startup_stm32f103xb.o
SPI1_IRQHandler                                   build/startup_stm32f103xb.o
SPI2_IRQHandler                                   build/startup_stm32f103xb.o
SVC_Handler                                       build/stm32f1xx_it.o
SysTick_Handler                                   build/stm32f1xx_it.o
SystemClock_Config                                build/main.o
SystemCoreClock                                   build/system_stm32f1xx.o
                                                  build/stm32f1xx_hal_spi.o
                                                  build/stm32f1xx_hal_rcc.o
                                                  build/stm32f1xx_hal.o
SystemCoreClockUpdate                             build/system_stm32f1xx.o
SystemInit                                        build/system_stm32f1xx.o
                                                  build/startup_stm32f103xb.o
TAMPER_IRQHandler                                 build/startup_stm32f103xb.o
TIM1_BRK_IRQHandler                               build/startup_stm32f103xb.o
TIM1_CC_IRQHandler                                build/startup_stm32f103xb.o
TIM1_TRG_COM_IRQHandler                           build/startup_stm32f103xb.o
TIM1_UP_IRQHandler                                build/startup_stm32f103xb.o
TIM2_IRQHandler                                   build/startup_stm32f103xb.o
TIM3_IRQHandler                                   build/startup_stm32f103xb.o
TIM4_IRQHandler                                   build/startup_stm32f103xb.o
USART1_IRQHandler                                 build/startup_stm32f103xb.o
USART2_IRQHandler                                 build/startup_stm32f103xb.o
USART3_IRQHandler                                 build/startup_stm32f103xb.o
USBWakeUp_IRQHandler                              build/startup_stm32f103xb.o
USB_HP_CAN1_TX_IRQHandler                         build/startup_stm32f103xb.o
USB_LP_CAN1_RX0_IRQHandler                        build/startup_stm32f103xb.o
UsageFault_Handler                                build/stm32f1xx_it.o
WWDG_IRQHandler                                   build/startup_stm32f103xb.o
__bss_end__                                       /home/vahid/ARM-Toolchain/gcc-arm-none-eabi-9-2019-q4-major/bin/../lib/gcc/arm-none-eabi/9.2.1/../../../../arm-none-eabi/lib/thumb/v7-m/nofp/crt0.o
__bss_start__                                     /home/vahid/ARM-Toolchain/gcc-arm-none-eabi-9-2019-q4-major/bin/../lib/gcc/arm-none-eabi/9.2.1/../../../../arm-none-eabi/lib/thumb/v7-m/nofp/crt0.o
__call_exitprocs                                  /home/vahid/ARM-Toolchain/gcc-arm-none-eabi-9-2019-q4-major/bin/../lib/gcc/arm-none-eabi/9.2.1/../../../../arm-none-eabi/lib/thumb/v7-m/nofp/libc_nano.a(lib_a-exit.o)
__deregister_frame_info                           /home/vahid/ARM-Toolchain/gcc-arm-none-eabi-9-2019-q4-major/bin/../lib/gcc/arm-none-eabi/9.2.1/thumb/v7-m/nofp/crtbegin.o
__dso_handle                                      /home/vahid/ARM-Toolchain/gcc-arm-none-eabi-9-2019-q4-major/bin/../lib/gcc/arm-none-eabi/9.2.1/thumb/v7-m/nofp/crtbegin.o
__init_array_end                                  /home/vahid/ARM-Toolchain/gcc-arm-none-eabi-9-2019-q4-major/bin/../lib/gcc/arm-none-eabi/9.2.1/../../../../arm-none-eabi/lib/thumb/v7-m/nofp/libc_nano.a(lib_a-init.o)
__init_array_start                                /home/vahid/ARM-Toolchain/gcc-arm-none-eabi-9-2019-q4-major/bin/../lib/gcc/arm-none-eabi/9.2.1/../../../../arm-none-eabi/lib/thumb/v7-m/nofp/libc_nano.a(lib_a-init.o)
__libc_fini_array                                 /home/vahid/ARM-Toolchain/gcc-arm-none-eabi-9-2019-q4-major/bin/../lib/gcc/arm-none-eabi/9.2.1/../../../../arm-none-eabi/lib/thumb/v7-m/nofp/crt0.o
__libc_init_array                                 /home/vahid/ARM-Toolchain/gcc-arm-none-eabi-9-2019-q4-major/bin/../lib/gcc/arm-none-eabi/9.2.1/../../../../arm-none-eabi/lib/thumb/v7-m/nofp/libc_nano.a(lib_a-init.o)
                                                  build/startup_stm32f103xb.o
                                                  /home/vahid/ARM-Toolchain/gcc-arm-none-eabi-9-2019-q4-major/bin/../lib/gcc/arm-none-eabi/9.2.1/../../../../arm-none-eabi/lib/thumb/v7-m/nofp/crt0.o
__preinit_array_end                               /home/vahid/ARM-Toolchain/gcc-arm-none-eabi-9-2019-q4-major/bin/../lib/gcc/arm-none-eabi/9.2.1/../../../../arm-none-eabi/lib/thumb/v7-m/nofp/libc_nano.a(lib_a-init.o)
__preinit_array_start                             /home/vahid/ARM-Toolchain/gcc-arm-none-eabi-9-2019-q4-major/bin/../lib/gcc/arm-none-eabi/9.2.1/../../../../arm-none-eabi/lib/thumb/v7-m/nofp/libc_nano.a(lib_a-init.o)
__register_frame_info                             /home/vahid/ARM-Toolchain/gcc-arm-none-eabi-9-2019-q4-major/bin/../lib/gcc/arm-none-eabi/9.2.1/thumb/v7-m/nofp/crtbegin.o
__sf_fake_stderr                                  /home/vahid/ARM-Toolchain/gcc-arm-none-eabi-9-2019-q4-major/bin/../lib/gcc/arm-none-eabi/9.2.1/../../../../arm-none-eabi/lib/thumb/v7-m/nofp/libc_nano.a(lib_a-impure.o)
__sf_fake_stdin                                   /home/vahid/ARM-Toolchain/gcc-arm-none-eabi-9-2019-q4-major/bin/../lib/gcc/arm-none-eabi/9.2.1/../../../../arm-none-eabi/lib/thumb/v7-m/nofp/libc_nano.a(lib_a-impure.o)
__sf_fake_stdout                                  /home/vahid/ARM-Toolchain/gcc-arm-none-eabi-9-2019-q4-major/bin/../lib/gcc/arm-none-eabi/9.2.1/../../../../arm-none-eabi/lib/thumb/v7-m/nofp/libc_nano.a(lib_a-impure.o)
__stack                                           /home/vahid/ARM-Toolchain/gcc-arm-none-eabi-9-2019-q4-major/bin/../lib/gcc/arm-none-eabi/9.2.1/../../../../arm-none-eabi/lib/thumb/v7-m/nofp/crt0.o
_ebss                                             build/startup_stm32f103xb.o
_edata                                            build/startup_stm32f103xb.o
_estack                                           build/startup_stm32f103xb.o
_exit                                             /home/vahid/ARM-Toolchain/gcc-arm-none-eabi-9-2019-q4-major/bin/../lib/gcc/arm-none-eabi/9.2.1/../../../../arm-none-eabi/lib/thumb/v7-m/nofp/libnosys.a(_exit.o)
                                                  /home/vahid/ARM-Toolchain/gcc-arm-none-eabi-9-2019-q4-major/bin/../lib/gcc/arm-none-eabi/9.2.1/../../../../arm-none-eabi/lib/thumb/v7-m/nofp/libc_nano.a(lib_a-exit.o)
_fini                                             /home/vahid/ARM-Toolchain/gcc-arm-none-eabi-9-2019-q4-major/bin/../lib/gcc/arm-none-eabi/9.2.1/thumb/v7-m/nofp/crti.o
_global_impure_ptr                                /home/vahid/ARM-Toolchain/gcc-arm-none-eabi-9-2019-q4-major/bin/../lib/gcc/arm-none-eabi/9.2.1/../../../../arm-none-eabi/lib/thumb/v7-m/nofp/libc_nano.a(lib_a-impure.o)
                                                  /home/vahid/ARM-Toolchain/gcc-arm-none-eabi-9-2019-q4-major/bin/../lib/gcc/arm-none-eabi/9.2.1/../../../../arm-none-eabi/lib/thumb/v7-m/nofp/libc_nano.a(lib_a-exit.o)
_impure_ptr                                       /home/vahid/ARM-Toolchain/gcc-arm-none-eabi-9-2019-q4-major/bin/../lib/gcc/arm-none-eabi/9.2.1/../../../../arm-none-eabi/lib/thumb/v7-m/nofp/libc_nano.a(lib_a-impure.o)
_init                                             /home/vahid/ARM-Toolchain/gcc-arm-none-eabi-9-2019-q4-major/bin/../lib/gcc/arm-none-eabi/9.2.1/thumb/v7-m/nofp/crti.o
                                                  /home/vahid/ARM-Toolchain/gcc-arm-none-eabi-9-2019-q4-major/bin/../lib/gcc/arm-none-eabi/9.2.1/../../../../arm-none-eabi/lib/thumb/v7-m/nofp/libc_nano.a(lib_a-init.o)
_mainCRTStartup                                   /home/vahid/ARM-Toolchain/gcc-arm-none-eabi-9-2019-q4-major/bin/../lib/gcc/arm-none-eabi/9.2.1/../../../../arm-none-eabi/lib/thumb/v7-m/nofp/crt0.o
_sbss                                             build/startup_stm32f103xb.o
_sdata                                            build/startup_stm32f103xb.o
_sidata                                           build/startup_stm32f103xb.o
_start                                            /home/vahid/ARM-Toolchain/gcc-arm-none-eabi-9-2019-q4-major/bin/../lib/gcc/arm-none-eabi/9.2.1/../../../../arm-none-eabi/lib/thumb/v7-m/nofp/crt0.o
atexit                                            /home/vahid/ARM-Toolchain/gcc-arm-none-eabi-9-2019-q4-major/bin/../lib/gcc/arm-none-eabi/9.2.1/../../../../arm-none-eabi/lib/thumb/v7-m/nofp/crt0.o
exit                                              /home/vahid/ARM-Toolchain/gcc-arm-none-eabi-9-2019-q4-major/bin/../lib/gcc/arm-none-eabi/9.2.1/../../../../arm-none-eabi/lib/thumb/v7-m/nofp/libc_nano.a(lib_a-exit.o)
                                                  /home/vahid/ARM-Toolchain/gcc-arm-none-eabi-9-2019-q4-major/bin/../lib/gcc/arm-none-eabi/9.2.1/../../../../arm-none-eabi/lib/thumb/v7-m/nofp/crt0.o
g_pfnVectors                                      build/startup_stm32f103xb.o
hardware_init_hook                                /home/vahid/ARM-Toolchain/gcc-arm-none-eabi-9-2019-q4-major/bin/../lib/gcc/arm-none-eabi/9.2.1/../../../../arm-none-eabi/lib/thumb/v7-m/nofp/crt0.o
hrtc                                              build/main.o
hspi1                                             build/main.o
                                                  build/nixie.o
main                                              build/main.o
                                                  build/startup_stm32f103xb.o
                                                  /home/vahid/ARM-Toolchain/gcc-arm-none-eabi-9-2019-q4-major/bin/../lib/gcc/arm-none-eabi/9.2.1/../../../../arm-none-eabi/lib/thumb/v7-m/nofp/crt0.o
memset                                            /home/vahid/ARM-Toolchain/gcc-arm-none-eabi-9-2019-q4-major/bin/../lib/gcc/arm-none-eabi/9.2.1/../../../../arm-none-eabi/lib/thumb/v7-m/nofp/libc_nano.a(lib_a-memset.o)
                                                  build/main.o
                                                  /home/vahid/ARM-Toolchain/gcc-arm-none-eabi-9-2019-q4-major/bin/../lib/gcc/arm-none-eabi/9.2.1/../../../../arm-none-eabi/lib/thumb/v7-m/nofp/crt0.o
pFlash                                            build/stm32f1xx_hal_flash.o
                                                  build/stm32f1xx_hal_flash_ex.o
software_init_hook                                /home/vahid/ARM-Toolchain/gcc-arm-none-eabi-9-2019-q4-major/bin/../lib/gcc/arm-none-eabi/9.2.1/../../../../arm-none-eabi/lib/thumb/v7-m/nofp/crt0.o
temp                                              build/main.o
uwTick                                            build/stm32f1xx_hal.o
uwTickFreq                                        build/stm32f1xx_hal.o
uwTickPrio                                        build/stm32f1xx_hal.o
                                                  build/stm32f1xx_hal_rcc.o
